[12-28|13:34:36.509] INFO server/server.go:244 serving gRPC server
[12-28|13:34:36.509] INFO server/server.go:254 dialing gRPC server for gRPC gateway
[12-28|13:34:36.511] INFO server/server.go:278 serving gRPC gateway
[12-28|13:34:36.900] WARN server/server.go:415 custom node configs have been provided; ignoring the 'number-of-nodes' parameter and setting it to:
[12-28|13:34:36.900] INFO server/server.go:445 starting {"{exec-path 15 0 /Users/z/work/lux/node/build/luxd <nil>}": {"Key":"num-nodes","Type":19,"Integer":5,"String":"","Interface":null}, "{track-chains 15 0  <nil>}": {"Key":"pid","Type":12,"Integer":39353,"String":"","Interface":null}, "{root-data-dir 15 0 /Users/z/.lux/runs/mainnet/run_20251228_131635 <nil>}": {"Key":"plugin-dir","Type":15,"Integer":0,"String":"/Users/z/.lux/plugins/current","Interface":null}, "{chain-configs 23 0  map[C:{\n  \"admin-api-enabled\": true,\n  \"allow-missing-tries\": true,\n  \"eth-apis\": [\n    \"eth\",\n    \"eth-filter\",\n    \"net\",\n    \"web3\",\n    \"internal-eth\",\n    \"internal-blockchain\",\n    \"internal-transaction\",\n    \"internal-account\",\n    \"admin\"\n  ],\n  \"log-level\": \"info\",\n  \"pruning-enabled\": false,\n  \"reexec\": 0\n}]}": {"Key":"global-node-config","Type":15,"Integer":0,"String":"{\n\t\t\"network-id\": 1,\n\t\t\"db-type\": \"badgerdb\",\n\t\t\"sybil-protection-enabled\": true,\n\t\t\"network-allow-private-ips\": true,\n\t\t\"health-check-frequency\": \"30s\",\n\t\t\"log-level\": \"info\",\n\t\t\"http-host\": \"127.0.0.1\",\n\t\t\"api-admin-enabled\": true,\n\t\t\"track-chains\": \"all\"\n\t}","Interface":null}}
[12-28|13:34:44.626] INFO server/server.go:473 network healthy
[12-28|13:35:14.984] INFO server/server.go:1526 RemoveSnapshot
[12-28|13:35:15.020] INFO server/server.go:1479 SaveSnapshot
[12-28|13:35:15.828] INFO server/server.go:962 removing network
[12-28|13:35:15.831] INFO server/server.go:962 removing network
[12-28|13:35:15.833] WARN server/server.go:285 root context is done
[12-28|13:35:15.833] WARN server/server.go:288 closed gRPC gateway server
[12-28|13:35:15.833] WARN server/server.go:293 closed gRPC server
[12-28|13:35:15.833] WARN server/server.go:295 gRPC terminated
[12-28|13:35:16.620] INFO server/server.go:254 dialing gRPC server for gRPC gateway
[12-28|13:35:16.620] INFO server/server.go:244 serving gRPC server
[12-28|13:35:16.621] INFO server/server.go:278 serving gRPC gateway
[12-28|13:35:17.344] WARN server/server.go:415 custom node configs have been provided; ignoring the 'number-of-nodes' parameter and setting it to:
[12-28|13:35:17.344] INFO server/server.go:445 starting {"{exec-path 15 0 /Users/z/work/lux/node/build/luxd <nil>}": {"Key":"num-nodes","Type":19,"Integer":5,"String":"","Interface":null}, "{track-chains 15 0  <nil>}": {"Key":"pid","Type":12,"Integer":44257,"String":"","Interface":null}, "{root-data-dir 15 0 /Users/z/.lux/runs/mainnet/run_20251228_133517 <nil>}": {"Key":"plugin-dir","Type":15,"Integer":0,"String":"/Users/z/.lux/plugins/current","Interface":null}, "{chain-configs 23 0  map[C:{\n  \"admin-api-enabled\": true,\n  \"allow-missing-tries\": true,\n  \"eth-apis\": [\n    \"eth\",\n    \"eth-filter\",\n    \"net\",\n    \"web3\",\n    \"internal-eth\",\n    \"internal-blockchain\",\n    \"internal-transaction\",\n    \"internal-account\",\n    \"admin\"\n  ],\n  \"log-level\": \"info\",\n  \"pruning-enabled\": false,\n  \"reexec\": 0\n}]}": {"Key":"global-node-config","Type":15,"Integer":0,"String":"{\n\t\t\"network-id\": 1,\n\t\t\"db-type\": \"badgerdb\",\n\t\t\"sybil-protection-enabled\": true,\n\t\t\"network-allow-private-ips\": true,\n\t\t\"health-check-frequency\": \"30s\",\n\t\t\"log-level\": \"info\",\n\t\t\"http-host\": \"127.0.0.1\",\n\t\t\"api-admin-enabled\": true,\n\t\t\"track-chains\": \"all\"\n\t}","Interface":null}}
[12-28|13:35:25.601] INFO server/server.go:473 network healthy
[12-28|13:44:04.617] INFO server/server.go:1526 RemoveSnapshot
[12-28|13:44:04.676] INFO server/server.go:1479 SaveSnapshot
[12-28|13:44:05.330] INFO server/server.go:962 removing network
[12-28|13:44:05.332] INFO server/server.go:962 removing network
[12-28|13:44:05.334] WARN server/server.go:285 root context is done
[12-28|13:44:05.334] WARN server/server.go:288 closed gRPC gateway server
[12-28|13:44:05.335] WARN server/server.go:293 closed gRPC server
[12-28|13:44:05.335] WARN server/server.go:295 gRPC terminated
